// Jest Snapshot v1, https://goo.gl/fbAQLP

exports[`renders the Quiz screen correctly renders the Quiz container 1`] = `undefined`;
